Oracle: states=3674160 diameter=11 reconstructed maximum=11
H1: N/A (no heuristic); H2: all 15120 permutation and 2187 orientation transitions match oracle, solved transitions verified
H2: transition maxima p=5039 o=728; bidirectional table intentionally partial, not a full distance table
H4: byte accessor agrees at all even/odd indices; no packed accessor
H3 progress 0/3674160 elapsed=0.001s
H3 progress 10000/3674160 elapsed=1.693s
H3 progress 20000/3674160 elapsed=3.328s
H3 progress 30000/3674160 elapsed=5.268s
H3 progress 40000/3674160 elapsed=6.883s
H3 progress 50000/3674160 elapsed=8.609s
H3 progress 60000/3674160 elapsed=10.524s
H3 progress 70000/3674160 elapsed=12.232s
H3 progress 80000/3674160 elapsed=13.932s
H3 progress 90000/3674160 elapsed=15.590s
H3 progress 100000/3674160 elapsed=17.268s
H3 progress 110000/3674160 elapsed=19.115s
H3 progress 120000/3674160 elapsed=20.709s
H3 progress 130000/3674160 elapsed=22.561s
H3 progress 140000/3674160 elapsed=24.307s
H3 progress 150000/3674160 elapsed=25.996s
H3 progress 160000/3674160 elapsed=28.046s
H3 progress 170000/3674160 elapsed=29.869s
H3 progress 180000/3674160 elapsed=31.906s
H3 progress 190000/3674160 elapsed=33.802s
H3 progress 200000/3674160 elapsed=35.383s
H3 progress 210000/3674160 elapsed=37.529s
H3 progress 220000/3674160 elapsed=39.606s
H3 progress 230000/3674160 elapsed=41.426s
H3 progress 240000/3674160 elapsed=43.070s
H3 progress 250000/3674160 elapsed=44.896s
H3 progress 260000/3674160 elapsed=46.915s
H3 progress 270000/3674160 elapsed=48.752s
H3 progress 280000/3674160 elapsed=50.326s
H3 progress 290000/3674160 elapsed=52.015s
H3 progress 300000/3674160 elapsed=53.893s
H3 progress 310000/3674160 elapsed=55.649s
H3 progress 320000/3674160 elapsed=57.352s
H3 progress 330000/3674160 elapsed=58.968s
H3 progress 340000/3674160 elapsed=60.412s
H3 progress 350000/3674160 elapsed=62.317s
H3 progress 360000/3674160 elapsed=64.446s
H3 progress 370000/3674160 elapsed=66.165s
H3 progress 380000/3674160 elapsed=68.552s
H3 progress 390000/3674160 elapsed=70.812s
H3 progress 400000/3674160 elapsed=73.820s
H3 progress 410000/3674160 elapsed=76.076s
H3 progress 420000/3674160 elapsed=77.852s
H3 progress 430000/3674160 elapsed=79.342s
H3 progress 440000/3674160 elapsed=80.982s
H3 progress 450000/3674160 elapsed=82.571s
H3 progress 460000/3674160 elapsed=84.389s
H3 progress 470000/3674160 elapsed=86.096s
H3 progress 480000/3674160 elapsed=87.871s
H3 progress 490000/3674160 elapsed=89.679s
H3 progress 500000/3674160 elapsed=91.307s
H3 progress 510000/3674160 elapsed=92.944s
H3 progress 520000/3674160 elapsed=94.421s
H3 progress 530000/3674160 elapsed=95.976s
H3 progress 540000/3674160 elapsed=97.462s
H3 progress 550000/3674160 elapsed=98.965s
H3 progress 560000/3674160 elapsed=100.569s
H3 progress 570000/3674160 elapsed=102.341s
H3 progress 580000/3674160 elapsed=103.979s
H3 progress 590000/3674160 elapsed=105.525s
H3 progress 600000/3674160 elapsed=107.301s
H3 progress 610000/3674160 elapsed=108.886s
H3 progress 620000/3674160 elapsed=110.558s
H3 progress 630000/3674160 elapsed=112.056s
H3 progress 640000/3674160 elapsed=113.565s
H3 progress 650000/3674160 elapsed=115.220s
H3 progress 660000/3674160 elapsed=116.694s
H3 progress 670000/3674160 elapsed=118.265s
H3 progress 680000/3674160 elapsed=119.825s
H3 progress 690000/3674160 elapsed=121.370s
H3 progress 700000/3674160 elapsed=122.863s
H3 progress 710000/3674160 elapsed=124.578s
H3 progress 720000/3674160 elapsed=126.063s
H3 progress 730000/3674160 elapsed=127.671s
H3 progress 740000/3674160 elapsed=129.267s
H3 progress 750000/3674160 elapsed=131.045s
H3 progress 760000/3674160 elapsed=132.607s
H3 progress 770000/3674160 elapsed=134.241s
H3 progress 780000/3674160 elapsed=135.876s
H3 progress 790000/3674160 elapsed=137.452s
H3 progress 800000/3674160 elapsed=139.087s
H3 progress 810000/3674160 elapsed=140.662s
H3 progress 820000/3674160 elapsed=142.372s
H3 progress 830000/3674160 elapsed=143.990s
H3 progress 840000/3674160 elapsed=145.767s
H3 progress 850000/3674160 elapsed=147.703s
H3 progress 860000/3674160 elapsed=149.695s
H3 progress 870000/3674160 elapsed=151.600s
H3 progress 880000/3674160 elapsed=153.249s
H3 progress 890000/3674160 elapsed=154.846s
H3 progress 900000/3674160 elapsed=156.652s
H3 progress 910000/3674160 elapsed=158.513s
H3 progress 920000/3674160 elapsed=161.570s
H3 progress 930000/3674160 elapsed=164.760s
H3 progress 940000/3674160 elapsed=166.680s
H3 progress 950000/3674160 elapsed=168.676s
H3 progress 960000/3674160 elapsed=170.387s
H3 progress 970000/3674160 elapsed=172.236s
H3 progress 980000/3674160 elapsed=173.901s
H3 progress 990000/3674160 elapsed=175.777s
H3 progress 1000000/3674160 elapsed=177.805s
H3 progress 1010000/3674160 elapsed=179.887s
H3 progress 1020000/3674160 elapsed=181.833s
H3 progress 1030000/3674160 elapsed=183.455s
H3 progress 1040000/3674160 elapsed=185.089s
H3 progress 1050000/3674160 elapsed=186.738s
H3 progress 1060000/3674160 elapsed=188.435s
H3 progress 1070000/3674160 elapsed=190.207s
H3 progress 1080000/3674160 elapsed=191.827s
H3 progress 1090000/3674160 elapsed=193.372s
H3 progress 1100000/3674160 elapsed=195.141s
H3 progress 1110000/3674160 elapsed=196.807s
H3 progress 1120000/3674160 elapsed=198.686s
H3 progress 1130000/3674160 elapsed=200.328s
H3 progress 1140000/3674160 elapsed=202.309s
H3 progress 1150000/3674160 elapsed=204.133s
H3 progress 1160000/3674160 elapsed=205.756s
H3 progress 1170000/3674160 elapsed=207.739s
H3 progress 1180000/3674160 elapsed=209.628s
H3 progress 1190000/3674160 elapsed=211.336s
H3 progress 1200000/3674160 elapsed=212.992s
H3 progress 1210000/3674160 elapsed=214.773s
H3 progress 1220000/3674160 elapsed=216.340s
H3 progress 1230000/3674160 elapsed=217.834s
H3 progress 1240000/3674160 elapsed=219.346s
H3 progress 1250000/3674160 elapsed=220.902s
H3 progress 1260000/3674160 elapsed=222.694s
H3 progress 1270000/3674160 elapsed=224.381s
H3 progress 1280000/3674160 elapsed=226.071s
H3 progress 1290000/3674160 elapsed=227.688s
H3 progress 1300000/3674160 elapsed=229.251s
H3 progress 1310000/3674160 elapsed=230.882s
H3 progress 1320000/3674160 elapsed=232.769s
H3 progress 1330000/3674160 elapsed=234.654s
H3 progress 1340000/3674160 elapsed=236.245s
H3 progress 1350000/3674160 elapsed=237.917s
H3 progress 1360000/3674160 elapsed=239.539s
H3 progress 1370000/3674160 elapsed=241.247s
H3 progress 1380000/3674160 elapsed=243.082s
H3 progress 1390000/3674160 elapsed=244.742s
H3 progress 1400000/3674160 elapsed=246.349s
H3 progress 1410000/3674160 elapsed=247.874s
H3 progress 1420000/3674160 elapsed=249.642s
H3 progress 1430000/3674160 elapsed=251.315s
H3 progress 1440000/3674160 elapsed=253.114s
H3 progress 1450000/3674160 elapsed=254.752s
H3 progress 1460000/3674160 elapsed=256.304s
H3 progress 1470000/3674160 elapsed=257.903s
H3 progress 1480000/3674160 elapsed=259.668s
H3 progress 1490000/3674160 elapsed=261.341s
H3 progress 1500000/3674160 elapsed=262.998s
H3 progress 1510000/3674160 elapsed=264.524s
H3 progress 1520000/3674160 elapsed=266.275s
H3 progress 1530000/3674160 elapsed=268.093s
H3 progress 1540000/3674160 elapsed=269.902s
H3 progress 1550000/3674160 elapsed=271.489s
H3 progress 1560000/3674160 elapsed=273.054s
H3 progress 1570000/3674160 elapsed=274.920s
H3 progress 1580000/3674160 elapsed=276.502s
H3 progress 1590000/3674160 elapsed=278.238s
H3 progress 1600000/3674160 elapsed=279.897s
H3 progress 1610000/3674160 elapsed=281.687s
H3 progress 1620000/3674160 elapsed=283.301s
H3 progress 1630000/3674160 elapsed=284.846s
H3 progress 1640000/3674160 elapsed=286.455s
H3 progress 1650000/3674160 elapsed=287.997s
H3 progress 1660000/3674160 elapsed=289.642s
H3 progress 1670000/3674160 elapsed=291.317s
H3 progress 1680000/3674160 elapsed=293.074s
H3 progress 1690000/3674160 elapsed=294.822s
H3 progress 1700000/3674160 elapsed=296.475s
H3 progress 1710000/3674160 elapsed=298.130s
H3 progress 1720000/3674160 elapsed=299.770s
H3 progress 1730000/3674160 elapsed=301.778s
H3 progress 1740000/3674160 elapsed=303.437s
H3 progress 1750000/3674160 elapsed=305.389s
H3 progress 1760000/3674160 elapsed=307.622s
H3 progress 1770000/3674160 elapsed=309.604s
H3 progress 1780000/3674160 elapsed=311.337s
H3 progress 1790000/3674160 elapsed=312.927s
H3 progress 1800000/3674160 elapsed=314.441s
H3 progress 1810000/3674160 elapsed=316.325s
H3 progress 1820000/3674160 elapsed=317.923s
H3 progress 1830000/3674160 elapsed=319.618s
H3 progress 1840000/3674160 elapsed=321.500s
H3 progress 1850000/3674160 elapsed=323.358s
H3 progress 1860000/3674160 elapsed=325.226s
H3 progress 1870000/3674160 elapsed=327.001s
H3 progress 1880000/3674160 elapsed=328.557s
H3 progress 1890000/3674160 elapsed=330.227s
H3 progress 1900000/3674160 elapsed=332.022s
H3 progress 1910000/3674160 elapsed=333.735s
H3 progress 1920000/3674160 elapsed=335.562s
H3 progress 1930000/3674160 elapsed=337.468s
H3 progress 1940000/3674160 elapsed=339.285s
H3 progress 1950000/3674160 elapsed=340.817s
H3 progress 1960000/3674160 elapsed=342.622s
H3 progress 1970000/3674160 elapsed=344.727s
H3 progress 1980000/3674160 elapsed=346.608s
H3 progress 1990000/3674160 elapsed=348.083s
H3 progress 2000000/3674160 elapsed=349.544s
H3 progress 2010000/3674160 elapsed=351.045s
H3 progress 2020000/3674160 elapsed=352.508s
H3 progress 2030000/3674160 elapsed=354.038s
H3 progress 2040000/3674160 elapsed=355.542s
H3 progress 2050000/3674160 elapsed=357.030s
H3 progress 2060000/3674160 elapsed=358.581s
H3 progress 2070000/3674160 elapsed=360.031s
H3 progress 2080000/3674160 elapsed=361.775s
H3 progress 2090000/3674160 elapsed=363.338s
H3 progress 2100000/3674160 elapsed=364.823s
H3 progress 2110000/3674160 elapsed=366.372s
H3 progress 2120000/3674160 elapsed=367.824s
H3 progress 2130000/3674160 elapsed=369.321s
H3 progress 2140000/3674160 elapsed=370.813s
H3 progress 2150000/3674160 elapsed=372.278s
H3 progress 2160000/3674160 elapsed=373.781s
H3 progress 2170000/3674160 elapsed=375.333s
H3 progress 2180000/3674160 elapsed=376.823s
H3 progress 2190000/3674160 elapsed=378.267s
H3 progress 2200000/3674160 elapsed=379.793s
H3 progress 2210000/3674160 elapsed=381.317s
H3 progress 2220000/3674160 elapsed=383.009s
H3 progress 2230000/3674160 elapsed=384.509s
H3 progress 2240000/3674160 elapsed=386.004s
H3 progress 2250000/3674160 elapsed=387.691s
H3 progress 2260000/3674160 elapsed=389.236s
H3 progress 2270000/3674160 elapsed=390.710s
H3 progress 2280000/3674160 elapsed=392.257s
H3 progress 2290000/3674160 elapsed=393.861s
H3 progress 2300000/3674160 elapsed=395.378s
H3 progress 2310000/3674160 elapsed=396.905s
H3 progress 2320000/3674160 elapsed=398.327s
H3 progress 2330000/3674160 elapsed=399.834s
H3 progress 2340000/3674160 elapsed=401.339s
H3 progress 2350000/3674160 elapsed=402.823s
H3 progress 2360000/3674160 elapsed=404.495s
H3 progress 2370000/3674160 elapsed=405.980s
H3 progress 2380000/3674160 elapsed=407.527s
H3 progress 2390000/3674160 elapsed=409.020s
H3 progress 2400000/3674160 elapsed=410.566s
H3 progress 2410000/3674160 elapsed=412.073s
H3 progress 2420000/3674160 elapsed=413.535s
H3 progress 2430000/3674160 elapsed=414.985s
H3 progress 2440000/3674160 elapsed=416.494s
H3 progress 2450000/3674160 elapsed=417.922s
H3 progress 2460000/3674160 elapsed=419.383s
H3 progress 2470000/3674160 elapsed=421.045s
H3 progress 2480000/3674160 elapsed=422.589s
H3 progress 2490000/3674160 elapsed=424.274s
H3 progress 2500000/3674160 elapsed=425.826s
H3 progress 2510000/3674160 elapsed=427.293s
H3 progress 2520000/3674160 elapsed=428.799s
H3 progress 2530000/3674160 elapsed=430.272s
H3 progress 2540000/3674160 elapsed=431.748s
H3 progress 2550000/3674160 elapsed=433.252s
H3 progress 2560000/3674160 elapsed=434.711s
H3 progress 2570000/3674160 elapsed=436.212s
H3 progress 2580000/3674160 elapsed=437.699s
H3 progress 2590000/3674160 elapsed=439.138s
H3 progress 2600000/3674160 elapsed=440.774s
H3 progress 2610000/3674160 elapsed=442.426s
H3 progress 2620000/3674160 elapsed=443.936s
H3 progress 2630000/3674160 elapsed=445.456s
H3 progress 2640000/3674160 elapsed=447.107s
H3 progress 2650000/3674160 elapsed=448.578s
H3 progress 2660000/3674160 elapsed=450.131s
H3 progress 2670000/3674160 elapsed=451.824s
H3 progress 2680000/3674160 elapsed=453.346s
H3 progress 2690000/3674160 elapsed=455.009s
H3 progress 2700000/3674160 elapsed=456.507s
H3 progress 2710000/3674160 elapsed=457.974s
H3 progress 2720000/3674160 elapsed=459.472s
H3 progress 2730000/3674160 elapsed=460.961s
H3 progress 2740000/3674160 elapsed=462.422s
H3 progress 2750000/3674160 elapsed=464.090s
H3 progress 2760000/3674160 elapsed=465.596s
H3 progress 2770000/3674160 elapsed=467.124s
H3 progress 2780000/3674160 elapsed=468.631s
H3 progress 2790000/3674160 elapsed=470.109s
H3 progress 2800000/3674160 elapsed=471.640s
H3 progress 2810000/3674160 elapsed=473.080s
H3 progress 2820000/3674160 elapsed=474.672s
H3 progress 2830000/3674160 elapsed=476.178s
H3 progress 2840000/3674160 elapsed=477.634s
H3 progress 2850000/3674160 elapsed=479.120s
H3 progress 2860000/3674160 elapsed=480.643s
H3 progress 2870000/3674160 elapsed=482.274s
H3 progress 2880000/3674160 elapsed=483.781s
H3 progress 2890000/3674160 elapsed=485.469s
H3 progress 2900000/3674160 elapsed=487.013s
H3 progress 2910000/3674160 elapsed=488.475s
H3 progress 2920000/3674160 elapsed=489.923s
H3 progress 2930000/3674160 elapsed=491.437s
H3 progress 2940000/3674160 elapsed=492.919s
H3 progress 2950000/3674160 elapsed=494.399s
H3 progress 2960000/3674160 elapsed=495.890s
H3 progress 2970000/3674160 elapsed=497.366s
H3 progress 2980000/3674160 elapsed=498.785s
H3 progress 2990000/3674160 elapsed=500.241s
H3 progress 3000000/3674160 elapsed=501.747s
H3 progress 3010000/3674160 elapsed=503.388s
H3 progress 3020000/3674160 elapsed=504.877s
H3 progress 3030000/3674160 elapsed=506.464s
H3 progress 3040000/3674160 elapsed=508.134s
H3 progress 3050000/3674160 elapsed=509.572s
H3 progress 3060000/3674160 elapsed=511.068s
H3 progress 3070000/3674160 elapsed=512.628s
H3 progress 3080000/3674160 elapsed=514.230s
H3 progress 3090000/3674160 elapsed=515.803s
H3 progress 3100000/3674160 elapsed=517.341s
H3 progress 3110000/3674160 elapsed=518.774s
H3 progress 3120000/3674160 elapsed=520.581s
H3 progress 3130000/3674160 elapsed=522.171s
H3 progress 3140000/3674160 elapsed=523.754s
H3 progress 3150000/3674160 elapsed=525.246s
H3 progress 3160000/3674160 elapsed=526.835s
H3 progress 3170000/3674160 elapsed=528.328s
H3 progress 3180000/3674160 elapsed=529.819s
H3 progress 3190000/3674160 elapsed=531.268s
H3 progress 3200000/3674160 elapsed=532.852s
H3 progress 3210000/3674160 elapsed=534.304s
H3 progress 3220000/3674160 elapsed=535.794s
H3 progress 3230000/3674160 elapsed=537.336s
H3 progress 3240000/3674160 elapsed=538.832s
H3 progress 3250000/3674160 elapsed=540.338s
H3 progress 3260000/3674160 elapsed=541.883s
H3 progress 3270000/3674160 elapsed=543.450s
H3 progress 3280000/3674160 elapsed=544.964s
H3 progress 3290000/3674160 elapsed=546.465s
H3 progress 3300000/3674160 elapsed=548.019s
H3 progress 3310000/3674160 elapsed=549.487s
H3 progress 3320000/3674160 elapsed=550.938s
H3 progress 3330000/3674160 elapsed=552.405s
H3 progress 3340000/3674160 elapsed=553.866s
H3 progress 3350000/3674160 elapsed=555.326s
H3 progress 3360000/3674160 elapsed=556.804s
H3 progress 3370000/3674160 elapsed=558.275s
H3 progress 3380000/3674160 elapsed=559.710s
H3 progress 3390000/3674160 elapsed=561.207s
H3 progress 3400000/3674160 elapsed=562.811s
H3 progress 3410000/3674160 elapsed=564.261s
H3 progress 3420000/3674160 elapsed=565.789s
H3 progress 3430000/3674160 elapsed=567.409s
H3 progress 3440000/3674160 elapsed=569.013s
H3 progress 3450000/3674160 elapsed=570.555s
H3 progress 3460000/3674160 elapsed=572.035s
H3 progress 3470000/3674160 elapsed=573.511s
H3 progress 3480000/3674160 elapsed=575.008s
H3 progress 3490000/3674160 elapsed=576.511s
H3 progress 3500000/3674160 elapsed=577.974s
H3 progress 3510000/3674160 elapsed=579.446s
H3 progress 3520000/3674160 elapsed=580.928s
H3 progress 3530000/3674160 elapsed=582.629s
H3 progress 3540000/3674160 elapsed=584.435s
H3 progress 3550000/3674160 elapsed=585.921s
H3 progress 3560000/3674160 elapsed=587.723s
H3 progress 3570000/3674160 elapsed=589.186s
H3 progress 3580000/3674160 elapsed=590.823s
H3 progress 3590000/3674160 elapsed=592.475s
H3 progress 3600000/3674160 elapsed=593.960s
H3 progress 3610000/3674160 elapsed=595.459s
H3 progress 3620000/3674160 elapsed=596.958s
H3 progress 3630000/3674160 elapsed=598.459s
H3 progress 3640000/3674160 elapsed=600.110s
H3 progress 3650000/3674160 elapsed=601.923s
H3 progress 3660000/3674160 elapsed=603.427s
H3 progress 3670000/3674160 elapsed=604.933s
H3 PASS checked=3674160 search wall=605.542s total wall=607.023s diameter=11
