Oracle BFS PASS: reachable=3674160 diameter=11 wall=0.142s; model=solver.c only
Oracle counts depth 0..11: 1 9 54 321 1847 9992 50136 227536 870072 1887748 623800 2644
H2 transitions PASS: all 15120 permutation + 2187 orientation entries agree with solver.c; maxima p=5039 o=728
H2 sparse PASS: all 12224 sorted depth<=5 records exactly match independent BFS; every inverse move and table suffix replays with solver.c
H4 records PASS: all 12224 uint32 key/depth/move decodings and re-encodings; no packed-nibble distance accessor is used
H1 PASS: actual sparse h=exact depth at <=5, otherwise 6, admissible on all 3674160 states; no perm/orient PDB used
H4 rank PASS: all 3674160 oracle/candidate rank round trips and state reconstructions agree
Assembly data PASS: table.S; 15120 permutation + 2187 orientation + 12224 sparse + 257 prefix entries; 84024 bytes
Exhaustive table/heuristic/encoding wall=0.559s
H3 progress checked=10000/3674160 search wall=1.118s
H3 progress checked=20000/3674160 search wall=2.168s
H3 progress checked=30000/3674160 search wall=3.126s
H3 progress checked=40000/3674160 search wall=4.149s
H3 progress checked=50000/3674160 search wall=5.093s
H3 progress checked=60000/3674160 search wall=6.039s
H3 progress checked=70000/3674160 search wall=6.960s
H3 progress checked=80000/3674160 search wall=7.920s
H3 progress checked=90000/3674160 search wall=8.906s
H3 progress checked=100000/3674160 search wall=9.852s
H3 progress checked=110000/3674160 search wall=10.819s
H3 progress checked=120000/3674160 search wall=11.775s
H3 progress checked=130000/3674160 search wall=12.727s
H3 progress checked=140000/3674160 search wall=13.655s
H3 progress checked=150000/3674160 search wall=14.636s
H3 progress checked=160000/3674160 search wall=15.616s
H3 progress checked=170000/3674160 search wall=16.555s
H3 progress checked=180000/3674160 search wall=17.490s
H3 progress checked=190000/3674160 search wall=18.440s
H3 progress checked=200000/3674160 search wall=19.438s
H3 progress checked=210000/3674160 search wall=20.382s
H3 progress checked=220000/3674160 search wall=21.371s
H3 progress checked=230000/3674160 search wall=22.446s
H3 progress checked=240000/3674160 search wall=23.373s
H3 progress checked=250000/3674160 search wall=24.449s
H3 progress checked=260000/3674160 search wall=25.557s
H3 progress checked=270000/3674160 search wall=26.601s
H3 progress checked=280000/3674160 search wall=27.545s
H3 progress checked=290000/3674160 search wall=28.483s
H3 progress checked=300000/3674160 search wall=29.432s
H3 progress checked=310000/3674160 search wall=30.401s
H3 progress checked=320000/3674160 search wall=31.359s
H3 progress checked=330000/3674160 search wall=32.339s
H3 progress checked=340000/3674160 search wall=33.320s
H3 progress checked=350000/3674160 search wall=34.274s
H3 progress checked=360000/3674160 search wall=35.234s
H3 progress checked=370000/3674160 search wall=36.158s
H3 progress checked=380000/3674160 search wall=37.129s
H3 progress checked=390000/3674160 search wall=38.074s
H3 progress checked=400000/3674160 search wall=39.007s
H3 progress checked=410000/3674160 search wall=40.028s
H3 progress checked=420000/3674160 search wall=41.084s
H3 progress checked=430000/3674160 search wall=42.041s
H3 progress checked=440000/3674160 search wall=43.021s
H3 progress checked=450000/3674160 search wall=43.959s
H3 progress checked=460000/3674160 search wall=44.920s
H3 progress checked=470000/3674160 search wall=45.860s
H3 progress checked=480000/3674160 search wall=46.836s
H3 progress checked=490000/3674160 search wall=47.818s
H3 progress checked=500000/3674160 search wall=48.741s
H3 progress checked=510000/3674160 search wall=49.729s
H3 progress checked=520000/3674160 search wall=50.702s
H3 progress checked=530000/3674160 search wall=51.718s
H3 progress checked=540000/3674160 search wall=52.650s
H3 progress checked=550000/3674160 search wall=53.596s
H3 progress checked=560000/3674160 search wall=54.572s
H3 progress checked=570000/3674160 search wall=55.549s
H3 progress checked=580000/3674160 search wall=56.504s
H3 progress checked=590000/3674160 search wall=57.481s
H3 progress checked=600000/3674160 search wall=58.457s
H3 progress checked=610000/3674160 search wall=59.447s
H3 progress checked=620000/3674160 search wall=60.459s
H3 progress checked=630000/3674160 search wall=61.427s
H3 progress checked=640000/3674160 search wall=62.409s
H3 progress checked=650000/3674160 search wall=63.350s
H3 progress checked=660000/3674160 search wall=64.287s
H3 progress checked=670000/3674160 search wall=65.336s
H3 progress checked=680000/3674160 search wall=66.266s
H3 progress checked=690000/3674160 search wall=67.221s
H3 progress checked=700000/3674160 search wall=68.228s
H3 progress checked=710000/3674160 search wall=69.184s
H3 progress checked=720000/3674160 search wall=70.169s
H3 progress checked=730000/3674160 search wall=71.087s
H3 progress checked=740000/3674160 search wall=72.051s
H3 progress checked=750000/3674160 search wall=72.969s
H3 progress checked=760000/3674160 search wall=73.998s
H3 progress checked=770000/3674160 search wall=74.977s
H3 progress checked=780000/3674160 search wall=75.980s
H3 progress checked=790000/3674160 search wall=77.006s
H3 progress checked=800000/3674160 search wall=78.013s
H3 progress checked=810000/3674160 search wall=79.014s
H3 progress checked=820000/3674160 search wall=79.960s
H3 progress checked=830000/3674160 search wall=80.961s
H3 progress checked=840000/3674160 search wall=81.932s
H3 progress checked=850000/3674160 search wall=82.848s
H3 progress checked=860000/3674160 search wall=83.837s
H3 progress checked=870000/3674160 search wall=84.825s
H3 progress checked=880000/3674160 search wall=85.803s
H3 progress checked=890000/3674160 search wall=86.754s
H3 progress checked=900000/3674160 search wall=87.714s
H3 progress checked=910000/3674160 search wall=88.635s
H3 progress checked=920000/3674160 search wall=89.655s
H3 progress checked=930000/3674160 search wall=90.627s
H3 progress checked=940000/3674160 search wall=91.583s
H3 progress checked=950000/3674160 search wall=92.498s
H3 progress checked=960000/3674160 search wall=93.418s
H3 progress checked=970000/3674160 search wall=94.432s
H3 progress checked=980000/3674160 search wall=95.515s
H3 progress checked=990000/3674160 search wall=96.590s
H3 progress checked=1000000/3674160 search wall=97.530s
H3 progress checked=1010000/3674160 search wall=98.488s
H3 progress checked=1020000/3674160 search wall=99.420s
H3 progress checked=1030000/3674160 search wall=100.409s
H3 progress checked=1040000/3674160 search wall=101.363s
H3 progress checked=1050000/3674160 search wall=102.307s
H3 progress checked=1060000/3674160 search wall=103.266s
H3 progress checked=1070000/3674160 search wall=104.253s
H3 progress checked=1080000/3674160 search wall=105.235s
H3 progress checked=1090000/3674160 search wall=106.202s
H3 progress checked=1100000/3674160 search wall=107.112s
H3 progress checked=1110000/3674160 search wall=108.101s
H3 progress checked=1120000/3674160 search wall=109.043s
H3 progress checked=1130000/3674160 search wall=109.988s
H3 progress checked=1140000/3674160 search wall=111.032s
H3 progress checked=1150000/3674160 search wall=112.230s
H3 progress checked=1160000/3674160 search wall=113.235s
H3 progress checked=1170000/3674160 search wall=114.197s
H3 progress checked=1180000/3674160 search wall=115.145s
H3 progress checked=1190000/3674160 search wall=116.137s
H3 progress checked=1200000/3674160 search wall=117.103s
H3 progress checked=1210000/3674160 search wall=118.041s
H3 progress checked=1220000/3674160 search wall=118.997s
H3 progress checked=1230000/3674160 search wall=119.981s
H3 progress checked=1240000/3674160 search wall=120.974s
H3 progress checked=1250000/3674160 search wall=121.906s
H3 progress checked=1260000/3674160 search wall=122.858s
H3 progress checked=1270000/3674160 search wall=123.904s
H3 progress checked=1280000/3674160 search wall=124.933s
H3 progress checked=1290000/3674160 search wall=125.846s
H3 progress checked=1300000/3674160 search wall=126.787s
H3 progress checked=1310000/3674160 search wall=127.764s
H3 progress checked=1320000/3674160 search wall=128.697s
H3 progress checked=1330000/3674160 search wall=129.686s
H3 progress checked=1340000/3674160 search wall=130.634s
H3 progress checked=1350000/3674160 search wall=131.616s
H3 progress checked=1360000/3674160 search wall=132.600s
H3 progress checked=1370000/3674160 search wall=133.586s
H3 progress checked=1380000/3674160 search wall=134.586s
H3 progress checked=1390000/3674160 search wall=135.542s
H3 progress checked=1400000/3674160 search wall=136.499s
H3 progress checked=1410000/3674160 search wall=137.494s
H3 progress checked=1420000/3674160 search wall=138.442s
H3 progress checked=1430000/3674160 search wall=139.394s
H3 progress checked=1440000/3674160 search wall=140.337s
H3 progress checked=1450000/3674160 search wall=141.296s
H3 progress checked=1460000/3674160 search wall=142.242s
H3 progress checked=1470000/3674160 search wall=143.239s
H3 progress checked=1480000/3674160 search wall=144.298s
H3 progress checked=1490000/3674160 search wall=145.326s
H3 progress checked=1500000/3674160 search wall=146.269s
H3 progress checked=1510000/3674160 search wall=147.241s
H3 progress checked=1520000/3674160 search wall=148.160s
H3 progress checked=1530000/3674160 search wall=149.159s
H3 progress checked=1540000/3674160 search wall=150.111s
H3 progress checked=1550000/3674160 search wall=151.026s
H3 progress checked=1560000/3674160 search wall=152.011s
H3 progress checked=1570000/3674160 search wall=152.974s
H3 progress checked=1580000/3674160 search wall=153.950s
H3 progress checked=1590000/3674160 search wall=154.916s
H3 progress checked=1600000/3674160 search wall=155.872s
H3 progress checked=1610000/3674160 search wall=156.877s
H3 progress checked=1620000/3674160 search wall=157.870s
H3 progress checked=1630000/3674160 search wall=158.808s
H3 progress checked=1640000/3674160 search wall=159.781s
H3 progress checked=1650000/3674160 search wall=160.739s
H3 progress checked=1660000/3674160 search wall=161.710s
H3 progress checked=1670000/3674160 search wall=162.671s
H3 progress checked=1680000/3674160 search wall=163.624s
H3 progress checked=1690000/3674160 search wall=164.546s
H3 progress checked=1700000/3674160 search wall=165.539s
H3 progress checked=1710000/3674160 search wall=166.517s
H3 progress checked=1720000/3674160 search wall=167.484s
H3 progress checked=1730000/3674160 search wall=168.429s
H3 progress checked=1740000/3674160 search wall=169.414s
H3 progress checked=1750000/3674160 search wall=170.351s
H3 progress checked=1760000/3674160 search wall=171.318s
H3 progress checked=1770000/3674160 search wall=172.262s
H3 progress checked=1780000/3674160 search wall=173.218s
H3 progress checked=1790000/3674160 search wall=174.178s
H3 progress checked=1800000/3674160 search wall=175.120s
H3 progress checked=1810000/3674160 search wall=176.085s
H3 progress checked=1820000/3674160 search wall=177.028s
H3 progress checked=1830000/3674160 search wall=178.007s
H3 progress checked=1840000/3674160 search wall=178.964s
H3 progress checked=1850000/3674160 search wall=179.931s
H3 progress checked=1860000/3674160 search wall=180.888s
H3 progress checked=1870000/3674160 search wall=181.825s
H3 progress checked=1880000/3674160 search wall=182.850s
H3 progress checked=1890000/3674160 search wall=183.835s
H3 progress checked=1900000/3674160 search wall=184.801s
H3 progress checked=1910000/3674160 search wall=185.762s
H3 progress checked=1920000/3674160 search wall=186.752s
H3 progress checked=1930000/3674160 search wall=187.699s
H3 progress checked=1940000/3674160 search wall=188.651s
H3 progress checked=1950000/3674160 search wall=189.612s
H3 progress checked=1960000/3674160 search wall=190.621s
H3 progress checked=1970000/3674160 search wall=191.535s
H3 progress checked=1980000/3674160 search wall=192.486s
H3 progress checked=1990000/3674160 search wall=193.467s
H3 progress checked=2000000/3674160 search wall=194.429s
H3 progress checked=2010000/3674160 search wall=195.381s
H3 progress checked=2020000/3674160 search wall=196.438s
H3 progress checked=2030000/3674160 search wall=197.486s
H3 progress checked=2040000/3674160 search wall=198.407s
H3 progress checked=2050000/3674160 search wall=199.408s
H3 progress checked=2060000/3674160 search wall=200.462s
H3 progress checked=2070000/3674160 search wall=201.444s
H3 progress checked=2080000/3674160 search wall=202.395s
H3 progress checked=2090000/3674160 search wall=203.401s
H3 progress checked=2100000/3674160 search wall=204.318s
H3 progress checked=2110000/3674160 search wall=205.273s
H3 progress checked=2120000/3674160 search wall=206.228s
H3 progress checked=2130000/3674160 search wall=207.188s
H3 progress checked=2140000/3674160 search wall=208.153s
H3 progress checked=2150000/3674160 search wall=209.080s
H3 progress checked=2160000/3674160 search wall=210.052s
H3 progress checked=2170000/3674160 search wall=211.032s
H3 progress checked=2180000/3674160 search wall=211.989s
H3 progress checked=2190000/3674160 search wall=212.951s
H3 progress checked=2200000/3674160 search wall=213.937s
H3 progress checked=2210000/3674160 search wall=214.939s
H3 progress checked=2220000/3674160 search wall=215.888s
H3 progress checked=2230000/3674160 search wall=216.857s
H3 progress checked=2240000/3674160 search wall=217.840s
H3 progress checked=2250000/3674160 search wall=218.810s
H3 progress checked=2260000/3674160 search wall=219.766s
H3 progress checked=2270000/3674160 search wall=220.783s
H3 progress checked=2280000/3674160 search wall=221.778s
H3 progress checked=2290000/3674160 search wall=222.782s
H3 progress checked=2300000/3674160 search wall=223.720s
H3 progress checked=2310000/3674160 search wall=224.662s
H3 progress checked=2320000/3674160 search wall=225.633s
H3 progress checked=2330000/3674160 search wall=226.587s
H3 progress checked=2340000/3674160 search wall=227.554s
H3 progress checked=2350000/3674160 search wall=228.474s
H3 progress checked=2360000/3674160 search wall=229.444s
H3 progress checked=2370000/3674160 search wall=230.426s
H3 progress checked=2380000/3674160 search wall=231.407s
H3 progress checked=2390000/3674160 search wall=232.334s
H3 progress checked=2400000/3674160 search wall=233.306s
H3 progress checked=2410000/3674160 search wall=234.398s
H3 progress checked=2420000/3674160 search wall=235.389s
H3 progress checked=2430000/3674160 search wall=236.307s
H3 progress checked=2440000/3674160 search wall=237.336s
H3 progress checked=2450000/3674160 search wall=238.275s
H3 progress checked=2460000/3674160 search wall=239.344s
H3 progress checked=2470000/3674160 search wall=240.323s
H3 progress checked=2480000/3674160 search wall=241.257s
H3 progress checked=2490000/3674160 search wall=242.234s
H3 progress checked=2500000/3674160 search wall=243.212s
H3 progress checked=2510000/3674160 search wall=244.173s
H3 progress checked=2520000/3674160 search wall=245.119s
H3 progress checked=2530000/3674160 search wall=246.082s
H3 progress checked=2540000/3674160 search wall=247.034s
H3 progress checked=2550000/3674160 search wall=248.000s
H3 progress checked=2560000/3674160 search wall=248.956s
H3 progress checked=2570000/3674160 search wall=249.928s
H3 progress checked=2580000/3674160 search wall=250.885s
H3 progress checked=2590000/3674160 search wall=251.837s
H3 progress checked=2600000/3674160 search wall=252.778s
H3 progress checked=2610000/3674160 search wall=253.756s
H3 progress checked=2620000/3674160 search wall=254.695s
H3 progress checked=2630000/3674160 search wall=255.643s
H3 progress checked=2640000/3674160 search wall=256.591s
H3 progress checked=2650000/3674160 search wall=257.543s
H3 progress checked=2660000/3674160 search wall=258.583s
H3 progress checked=2670000/3674160 search wall=259.502s
H3 progress checked=2680000/3674160 search wall=260.452s
H3 progress checked=2690000/3674160 search wall=261.428s
H3 progress checked=2700000/3674160 search wall=262.433s
H3 progress checked=2710000/3674160 search wall=263.381s
H3 progress checked=2720000/3674160 search wall=264.341s
H3 progress checked=2730000/3674160 search wall=265.304s
H3 progress checked=2740000/3674160 search wall=266.235s
H3 progress checked=2750000/3674160 search wall=267.293s
H3 progress checked=2760000/3674160 search wall=268.370s
H3 progress checked=2770000/3674160 search wall=269.336s
H3 progress checked=2780000/3674160 search wall=270.281s
H3 progress checked=2790000/3674160 search wall=271.203s
H3 progress checked=2800000/3674160 search wall=272.168s
H3 progress checked=2810000/3674160 search wall=273.215s
H3 progress checked=2820000/3674160 search wall=274.248s
H3 progress checked=2830000/3674160 search wall=275.191s
H3 progress checked=2840000/3674160 search wall=276.121s
H3 progress checked=2850000/3674160 search wall=277.100s
H3 progress checked=2860000/3674160 search wall=278.121s
H3 progress checked=2870000/3674160 search wall=279.053s
H3 progress checked=2880000/3674160 search wall=280.028s
H3 progress checked=2890000/3674160 search wall=281.036s
H3 progress checked=2900000/3674160 search wall=281.999s
H3 progress checked=2910000/3674160 search wall=282.971s
H3 progress checked=2920000/3674160 search wall=283.990s
H3 progress checked=2930000/3674160 search wall=284.930s
H3 progress checked=2940000/3674160 search wall=285.900s
H3 progress checked=2950000/3674160 search wall=286.842s
H3 progress checked=2960000/3674160 search wall=287.773s
H3 progress checked=2970000/3674160 search wall=288.756s
H3 progress checked=2980000/3674160 search wall=289.755s
H3 progress checked=2990000/3674160 search wall=290.676s
H3 progress checked=3000000/3674160 search wall=291.644s
H3 progress checked=3010000/3674160 search wall=292.635s
H3 progress checked=3020000/3674160 search wall=293.583s
H3 progress checked=3030000/3674160 search wall=294.588s
H3 progress checked=3040000/3674160 search wall=295.548s
H3 progress checked=3050000/3674160 search wall=296.498s
H3 progress checked=3060000/3674160 search wall=297.484s
H3 progress checked=3070000/3674160 search wall=298.462s
H3 progress checked=3080000/3674160 search wall=299.451s
H3 progress checked=3090000/3674160 search wall=300.382s
H3 progress checked=3100000/3674160 search wall=301.365s
H3 progress checked=3110000/3674160 search wall=302.327s
H3 progress checked=3120000/3674160 search wall=303.321s
H3 progress checked=3130000/3674160 search wall=304.293s
H3 progress checked=3140000/3674160 search wall=305.287s
H3 progress checked=3150000/3674160 search wall=306.229s
H3 progress checked=3160000/3674160 search wall=307.162s
H3 progress checked=3170000/3674160 search wall=308.134s
H3 progress checked=3180000/3674160 search wall=309.098s
H3 progress checked=3190000/3674160 search wall=310.060s
H3 progress checked=3200000/3674160 search wall=311.045s
H3 progress checked=3210000/3674160 search wall=312.007s
H3 progress checked=3220000/3674160 search wall=312.947s
H3 progress checked=3230000/3674160 search wall=313.935s
H3 progress checked=3240000/3674160 search wall=314.824s
H3 progress checked=3250000/3674160 search wall=315.808s
H3 progress checked=3260000/3674160 search wall=316.773s
H3 progress checked=3270000/3674160 search wall=317.788s
H3 progress checked=3280000/3674160 search wall=318.732s
H3 progress checked=3290000/3674160 search wall=319.681s
H3 progress checked=3300000/3674160 search wall=320.666s
H3 progress checked=3310000/3674160 search wall=321.733s
H3 progress checked=3320000/3674160 search wall=322.708s
H3 progress checked=3330000/3674160 search wall=323.692s
H3 progress checked=3340000/3674160 search wall=324.637s
H3 progress checked=3350000/3674160 search wall=325.642s
H3 progress checked=3360000/3674160 search wall=326.611s
H3 progress checked=3370000/3674160 search wall=327.597s
H3 progress checked=3380000/3674160 search wall=328.544s
H3 progress checked=3390000/3674160 search wall=329.481s
H3 progress checked=3400000/3674160 search wall=330.467s
H3 progress checked=3410000/3674160 search wall=331.450s
H3 progress checked=3420000/3674160 search wall=332.485s
H3 progress checked=3430000/3674160 search wall=333.513s
H3 progress checked=3440000/3674160 search wall=334.495s
H3 progress checked=3450000/3674160 search wall=335.416s
H3 progress checked=3460000/3674160 search wall=336.376s
H3 progress checked=3470000/3674160 search wall=337.367s
H3 progress checked=3480000/3674160 search wall=338.324s
H3 progress checked=3490000/3674160 search wall=339.269s
H3 progress checked=3500000/3674160 search wall=340.256s
H3 progress checked=3510000/3674160 search wall=341.183s
H3 progress checked=3520000/3674160 search wall=342.142s
H3 progress checked=3530000/3674160 search wall=343.103s
H3 progress checked=3540000/3674160 search wall=344.119s
H3 progress checked=3550000/3674160 search wall=345.062s
H3 progress checked=3560000/3674160 search wall=346.009s
H3 progress checked=3570000/3674160 search wall=346.975s
H3 progress checked=3580000/3674160 search wall=347.942s
H3 progress checked=3590000/3674160 search wall=348.949s
H3 progress checked=3600000/3674160 search wall=349.961s
H3 progress checked=3610000/3674160 search wall=350.915s
H3 progress checked=3620000/3674160 search wall=351.914s
H3 progress checked=3630000/3674160 search wall=352.966s
H3 progress checked=3640000/3674160 search wall=354.105s
H3 progress checked=3650000/3674160 search wall=355.065s
H3 progress checked=3660000/3674160 search wall=355.984s
H3 progress checked=3670000/3674160 search wall=356.945s
H3 PASS ALL: checked=3674160/3674160 actual ida_star paths, optimal lengths and solver.c replay; search wall=357.357s total wall=357.917s
H3 sampled counts depth 0..11: 1 9 54 321 1847 9992 50136 227536 870072 1887748 623800 2644
